Release 14.7 - xst P.20131013 (nt64)
Copyright (c) 1995-2013 Xilinx, Inc.  All rights reserved.
--> Parameter TMPDIR set to xst/projnav.tmp


Total REAL time to Xst completion: 0.00 secs
Total CPU time to Xst completion: 0.27 secs
 
--> Parameter xsthdpdir set to xst


Total REAL time to Xst completion: 0.00 secs
Total CPU time to Xst completion: 0.27 secs
 
--> Reading design: Data_path.prj

TABLE OF CONTENTS
  1) Synthesis Options Summary
  2) HDL Parsing
  3) HDL Elaboration
  4) HDL Synthesis
       4.1) HDL Synthesis Report
  5) Advanced HDL Synthesis
       5.1) Advanced HDL Synthesis Report
  6) Low Level Synthesis
  7) Partition Report
  8) Design Summary
       8.1) Primitive and Black Box Usage
       8.2) Device utilization summary
       8.3) Partition Resource Summary
       8.4) Timing Report
            8.4.1) Clock Information
            8.4.2) Asynchronous Control Signals Information
            8.4.3) Timing Summary
            8.4.4) Timing Details
            8.4.5) Cross Clock Domains Report


=========================================================================
*                      Synthesis Options Summary                        *
=========================================================================
---- Source Parameters
Input File Name                    : "Data_path.prj"
Ignore Synthesis Constraint File   : NO

---- Target Parameters
Output File Name                   : "Data_path"
Output Format                      : NGC
Target Device                      : xc7k160t-2L-ffg676

---- Source Options
Top Module Name                    : Data_path
Automatic FSM Extraction           : YES
FSM Encoding Algorithm             : Auto
Safe Implementation                : No
FSM Style                          : LUT
RAM Extraction                     : Yes
RAM Style                          : Auto
ROM Extraction                     : Yes
Shift Register Extraction          : YES
ROM Style                          : Auto
Resource Sharing                   : YES
Asynchronous To Synchronous        : NO
Shift Register Minimum Size        : 2
Use DSP Block                      : Auto
Automatic Register Balancing       : No

---- Target Options
LUT Combining                      : Auto
Reduce Control Sets                : Auto
Add IO Buffers                     : YES
Global Maximum Fanout              : 100000
Add Generic Clock Buffer(BUFG)     : 32
Register Duplication               : YES
Optimize Instantiated Primitives   : NO
Use Clock Enable                   : Auto
Use Synchronous Set                : Auto
Use Synchronous Reset              : Auto
Pack IO Registers into IOBs        : Auto
Equivalent register Removal        : YES

---- General Options
Optimization Goal                  : Speed
Optimization Effort                : 1
Power Reduction                    : NO
Keep Hierarchy                     : No
Netlist Hierarchy                  : As_Optimized
RTL Output                         : Yes
Global Optimization                : AllClockNets
Read Cores                         : YES
Write Timing Constraints           : NO
Cross Clock Analysis               : NO
Hierarchy Separator                : /
Bus Delimiter                      : <>
Case Specifier                     : Maintain
Slice Utilization Ratio            : 100
BRAM Utilization Ratio             : 100
DSP48 Utilization Ratio            : 100
Auto BRAM Packing                  : NO
Slice Utilization Ratio Delta      : 5

=========================================================================


=========================================================================
*                          HDL Parsing                                  *
=========================================================================
Analyzing Verilog file "D:\ISE\OExp05-DataPath\regs.v" into library work
Parsing module <Regs>.
Analyzing Verilog file "D:\ISE\OExp05-DataPath\REG32.v" into library work
Parsing module <REG32>.
Analyzing Verilog file "D:\ISE\OExp05-DataPath\MUX2T1_5.v" into library work
Parsing module <MUX2T1_5>.
Analyzing Verilog file "D:\ISE\OExp05-DataPath\MUX2T1_32.v" into library work
Parsing module <MUX2T1_32>.
Analyzing Verilog file "D:\ISE\OExp05-DataPath\Ext_32.v" into library work
Parsing module <Ext_32>.
Analyzing Verilog file "D:\ISE\OExp05-DataPath\ALU_v.v" into library work
Parsing module <alu>.
WARNING:HDLCompiler:751 - "D:\ISE\OExp05-DataPath\ALU_v.v" Line 26: Redeclaration of ansi port res is not allowed
Analyzing Verilog file "D:\ISE\OExp05-DataPath\add_32.v" into library work
Parsing module <add_32>.
Analyzing Verilog file "D:\ISE\OExp05-DataPath\Data_path.vf" into library work
Parsing module <Data_path>.

=========================================================================
*                            HDL Elaboration                            *
=========================================================================

Elaborating module <Data_path>.

Elaborating module <Regs>.

Elaborating module <REG32>.

Elaborating module <MUX2T1_5>.
WARNING:HDLCompiler:91 - "D:\ISE\OExp05-DataPath\MUX2T1_5.v" Line 24: Signal <I0> missing in the sensitivity list is added for synthesis purposes. HDL and post-synthesis simulations may differ as a result.
WARNING:HDLCompiler:91 - "D:\ISE\OExp05-DataPath\MUX2T1_5.v" Line 25: Signal <I1> missing in the sensitivity list is added for synthesis purposes. HDL and post-synthesis simulations may differ as a result.

Elaborating module <MUX2T1_32>.
WARNING:HDLCompiler:91 - "D:\ISE\OExp05-DataPath\MUX2T1_32.v" Line 27: Signal <I0> missing in the sensitivity list is added for synthesis purposes. HDL and post-synthesis simulations may differ as a result.
WARNING:HDLCompiler:91 - "D:\ISE\OExp05-DataPath\MUX2T1_32.v" Line 28: Signal <I1> missing in the sensitivity list is added for synthesis purposes. HDL and post-synthesis simulations may differ as a result.

Elaborating module <add_32>.

Elaborating module <AND2>.

Elaborating module <alu>.
WARNING:HDLCompiler:91 - "D:\ISE\OExp05-DataPath\ALU_v.v" Line 38: Signal <res_and> missing in the sensitivity list is added for synthesis purposes. HDL and post-synthesis simulations may differ as a result.
WARNING:HDLCompiler:91 - "D:\ISE\OExp05-DataPath\ALU_v.v" Line 39: Signal <res_or> missing in the sensitivity list is added for synthesis purposes. HDL and post-synthesis simulations may differ as a result.
WARNING:HDLCompiler:91 - "D:\ISE\OExp05-DataPath\ALU_v.v" Line 40: Signal <res_add> missing in the sensitivity list is added for synthesis purposes. HDL and post-synthesis simulations may differ as a result.
WARNING:HDLCompiler:91 - "D:\ISE\OExp05-DataPath\ALU_v.v" Line 41: Signal <res_sub> missing in the sensitivity list is added for synthesis purposes. HDL and post-synthesis simulations may differ as a result.
WARNING:HDLCompiler:91 - "D:\ISE\OExp05-DataPath\ALU_v.v" Line 43: Signal <res_slt> missing in the sensitivity list is added for synthesis purposes. HDL and post-synthesis simulations may differ as a result.
WARNING:HDLCompiler:91 - "D:\ISE\OExp05-DataPath\ALU_v.v" Line 44: Signal <res_srl> missing in the sensitivity list is added for synthesis purposes. HDL and post-synthesis simulations may differ as a result.
WARNING:HDLCompiler:91 - "D:\ISE\OExp05-DataPath\ALU_v.v" Line 45: Signal <res_xor> missing in the sensitivity list is added for synthesis purposes. HDL and post-synthesis simulations may differ as a result.
WARNING:HDLCompiler:413 - "D:\ISE\OExp05-DataPath\ALU_v.v" Line 48: Result of 32-bit expression is truncated to fit in 1-bit target.

Elaborating module <VCC>.

Elaborating module <GND>.

Elaborating module <Ext_32>.

=========================================================================
*                           HDL Synthesis                               *
=========================================================================

Synthesizing Unit <Data_path>.
    Related source file is "D:\ISE\OExp05-DataPath\Data_path.vf".
INFO:Xst:3210 - "D:\ISE\OExp05-DataPath\Data_path.vf" line 114: Output port <overflow> of the instance <XLXI_10> is unconnected or connected to loadless signal.
    Summary:
	no macro.
Unit <Data_path> synthesized.

Synthesizing Unit <Regs>.
    Related source file is "D:\ISE\OExp05-DataPath\regs.v".
    Found 1024-bit register for signal <n0052[1023:0]>.
    Found 32-bit 32-to-1 multiplexer for signal <R_addr_A[4]_register[31][31]_wide_mux_1_OUT> created at line 29.
    Found 32-bit 32-to-1 multiplexer for signal <R_addr_B[4]_register[31][31]_wide_mux_4_OUT> created at line 30.
    Summary:
	inferred 1024 D-type flip-flop(s).
	inferred  36 Multiplexer(s).
Unit <Regs> synthesized.

Synthesizing Unit <REG32>.
    Related source file is "D:\ISE\OExp05-DataPath\REG32.v".
    Found 32-bit register for signal <Q>.
    Summary:
	inferred  32 D-type flip-flop(s).
Unit <REG32> synthesized.

Synthesizing Unit <MUX2T1_5>.
    Related source file is "D:\ISE\OExp05-DataPath\MUX2T1_5.v".
    Summary:
	inferred   1 Multiplexer(s).
Unit <MUX2T1_5> synthesized.

Synthesizing Unit <MUX2T1_32>.
    Related source file is "D:\ISE\OExp05-DataPath\MUX2T1_32.v".
    Summary:
	inferred   1 Multiplexer(s).
Unit <MUX2T1_32> synthesized.

Synthesizing Unit <add_32>.
    Related source file is "D:\ISE\OExp05-DataPath\add_32.v".
    Found 32-bit adder for signal <c> created at line 25.
    Summary:
	inferred   1 Adder/Subtractor(s).
Unit <add_32> synthesized.

Synthesizing Unit <alu>.
    Related source file is "D:\ISE\OExp05-DataPath\ALU_v.v".
        one = 32'b00000000000000000000000000000001
        zero_0 = 32'b00000000000000000000000000000000
    Found 32-bit subtractor for signal <res_sub> created at line 31.
    Found 32-bit adder for signal <res_add> created at line 30.
    Found 32-bit shifter logical right for signal <res_srl> created at line 25
    Found 32-bit 8-to-1 multiplexer for signal <res> created at line 37.
    Found 32-bit comparator greater for signal <A[31]_B[31]_LessThan_7_o> created at line 34
    Summary:
	inferred   1 Adder/Subtractor(s).
	inferred   1 Comparator(s).
	inferred  12 Multiplexer(s).
	inferred   1 Combinational logic shifter(s).
Unit <alu> synthesized.

Synthesizing Unit <Ext_32>.
    Related source file is "D:\ISE\OExp05-DataPath\Ext_32.v".
    Summary:
	no macro.
Unit <Ext_32> synthesized.

=========================================================================
HDL Synthesis Report

Macro Statistics
# Adders/Subtractors                                   : 3
 32-bit adder                                          : 2
 32-bit addsub                                         : 1
# Registers                                            : 2
 1024-bit register                                     : 1
 32-bit register                                       : 1
# Comparators                                          : 1
 32-bit comparator greater                             : 1
# Multiplexers                                         : 53
 32-bit 2-to-1 multiplexer                             : 50
 32-bit 32-to-1 multiplexer                            : 2
 5-bit 2-to-1 multiplexer                              : 1
# Logic shifters                                       : 1
 32-bit shifter logical right                          : 1
# Xors                                                 : 1
 32-bit xor2                                           : 1

=========================================================================
INFO:Xst:1767 - HDL ADVISOR - Resource sharing has identified that some arithmetic operations in this design can share the same physical resources for reduced device utilization. For improved clock frequency you may try to disable resource sharing.

=========================================================================
*                       Advanced HDL Synthesis                          *
=========================================================================


=========================================================================
Advanced HDL Synthesis Report

Macro Statistics
# Adders/Subtractors                                   : 3
 32-bit adder                                          : 2
 32-bit addsub                                         : 1
# Registers                                            : 1056
 Flip-Flops                                            : 1056
# Comparators                                          : 1
 32-bit comparator greater                             : 1
# Multiplexers                                         : 53
 32-bit 2-to-1 multiplexer                             : 50
 32-bit 32-to-1 multiplexer                            : 2
 5-bit 2-to-1 multiplexer                              : 1
# Logic shifters                                       : 1
 32-bit shifter logical right                          : 1
# Xors                                                 : 1
 32-bit xor2                                           : 1

=========================================================================

=========================================================================
*                         Low Level Synthesis                           *
=========================================================================

Optimizing unit <REG32> ...

Optimizing unit <Data_path> ...

Optimizing unit <alu> ...

Optimizing unit <Regs> ...
WARNING:Xst:1710 - FF/Latch <XLXI_1/register_31_1006> (without init value) has a constant value of 0 in block <Data_path>. This FF/Latch will be trimmed during the optimization process.
WARNING:Xst:1895 - Due to other FF/Latch trimming, FF/Latch <XLXI_1/register_31_1005> (without init value) has a constant value of 0 in block <Data_path>. This FF/Latch will be trimmed during the optimization process.
WARNING:Xst:1895 - Due to other FF/Latch trimming, FF/Latch <XLXI_1/register_31_1004> (without init value) has a constant value of 0 in block <Data_path>. This FF/Latch will be trimmed during the optimization process.
WARNING:Xst:1895 - Due to other FF/Latch trimming, FF/Latch <XLXI_1/register_31_1003> (without init value) has a constant value of 0 in block <Data_path>. This FF/Latch will be trimmed during the optimization process.
WARNING:Xst:1895 - Due to other FF/Latch trimming, FF/Latch <XLXI_1/register_31_1002> (without init value) has a constant value of 0 in block <Data_path>. This FF/Latch will be trimmed during the optimization process.
WARNING:Xst:1895 - Due to other FF/Latch trimming, FF/Latch <XLXI_1/register_31_1001> (without init value) has a constant value of 0 in block <Data_path>. This FF/Latch will be trimmed during the optimization process.
WARNING:Xst:1895 - Due to other FF/Latch trimming, FF/Latch <XLXI_1/register_31_1000> (without init value) has a constant value of 0 in block <Data_path>. This FF/Latch will be trimmed during the optimization process.
WARNING:Xst:1895 - Due to other FF/Latch trimming, FF/Latch <XLXI_1/register_31_999> (without init value) has a constant value of 0 in block <Data_path>. This FF/Latch will be trimmed during the optimization process.
WARNING:Xst:1895 - Due to other FF/Latch trimming, FF/Latch <XLXI_1/register_31_998> (without init value) has a constant value of 0 in block <Data_path>. This FF/Latch will be trimmed during the optimization process.
WARNING:Xst:1895 - Due to other FF/Latch trimming, FF/Latch <XLXI_1/register_31_997> (without init value) has a constant value of 0 in block <Data_path>. This FF/Latch will be trimmed during the optimization process.
WARNING:Xst:1895 - Due to other FF/Latch trimming, FF/Latch <XLXI_1/register_31_996> (without init value) has a constant value of 0 in block <Data_path>. This FF/Latch will be trimmed during the optimization process.
WARNING:Xst:1895 - Due to other FF/Latch trimming, FF/Latch <XLXI_1/register_31_995> (without init value) has a constant value of 0 in block <Data_path>. This FF/Latch will be trimmed during the optimization process.
WARNING:Xst:1895 - Due to other FF/Latch trimming, FF/Latch <XLXI_1/register_31_994> (without init value) has a constant value of 0 in block <Data_path>. This FF/Latch will be trimmed during the optimization process.
WARNING:Xst:1895 - Due to other FF/Latch trimming, FF/Latch <XLXI_1/register_31_993> (without init value) has a constant value of 0 in block <Data_path>. This FF/Latch will be trimmed during the optimization process.
WARNING:Xst:1895 - Due to other FF/Latch trimming, FF/Latch <XLXI_1/register_31_992> (without init value) has a constant value of 0 in block <Data_path>. This FF/Latch will be trimmed during the optimization process.
WARNING:Xst:1895 - Due to other FF/Latch trimming, FF/Latch <XLXI_2/Q_1> (without init value) has a constant value of 0 in block <Data_path>. This FF/Latch will be trimmed during the optimization process.
WARNING:Xst:1895 - Due to other FF/Latch trimming, FF/Latch <XLXI_2/Q_0> (without init value) has a constant value of 0 in block <Data_path>. This FF/Latch will be trimmed during the optimization process.
WARNING:Xst:1895 - Due to other FF/Latch trimming, FF/Latch <XLXI_1/register_31_1023> (without init value) has a constant value of 0 in block <Data_path>. This FF/Latch will be trimmed during the optimization process.
WARNING:Xst:1895 - Due to other FF/Latch trimming, FF/Latch <XLXI_1/register_31_1022> (without init value) has a constant value of 0 in block <Data_path>. This FF/Latch will be trimmed during the optimization process.
WARNING:Xst:1895 - Due to other FF/Latch trimming, FF/Latch <XLXI_1/register_31_1021> (without init value) has a constant value of 0 in block <Data_path>. This FF/Latch will be trimmed during the optimization process.
WARNING:Xst:1895 - Due to other FF/Latch trimming, FF/Latch <XLXI_1/register_31_1020> (without init value) has a constant value of 0 in block <Data_path>. This FF/Latch will be trimmed during the optimization process.
WARNING:Xst:1895 - Due to other FF/Latch trimming, FF/Latch <XLXI_1/register_31_1019> (without init value) has a constant value of 0 in block <Data_path>. This FF/Latch will be trimmed during the optimization process.
WARNING:Xst:1895 - Due to other FF/Latch trimming, FF/Latch <XLXI_1/register_31_1018> (without init value) has a constant value of 0 in block <Data_path>. This FF/Latch will be trimmed during the optimization process.
WARNING:Xst:1895 - Due to other FF/Latch trimming, FF/Latch <XLXI_1/register_31_1017> (without init value) has a constant value of 0 in block <Data_path>. This FF/Latch will be trimmed during the optimization process.
WARNING:Xst:1895 - Due to other FF/Latch trimming, FF/Latch <XLXI_1/register_31_1016> (without init value) has a constant value of 0 in block <Data_path>. This FF/Latch will be trimmed during the optimization process.
WARNING:Xst:1895 - Due to other FF/Latch trimming, FF/Latch <XLXI_1/register_31_1015> (without init value) has a constant value of 0 in block <Data_path>. This FF/Latch will be trimmed during the optimization process.
WARNING:Xst:1895 - Due to other FF/Latch trimming, FF/Latch <XLXI_1/register_31_1014> (without init value) has a constant value of 0 in block <Data_path>. This FF/Latch will be trimmed during the optimization process.
WARNING:Xst:1895 - Due to other FF/Latch trimming, FF/Latch <XLXI_1/register_31_1013> (without init value) has a constant value of 0 in block <Data_path>. This FF/Latch will be trimmed during the optimization process.
WARNING:Xst:1895 - Due to other FF/Latch trimming, FF/Latch <XLXI_1/register_31_1012> (without init value) has a constant value of 0 in block <Data_path>. This FF/Latch will be trimmed during the optimization process.
WARNING:Xst:1895 - Due to other FF/Latch trimming, FF/Latch <XLXI_1/register_31_1011> (without init value) has a constant value of 0 in block <Data_path>. This FF/Latch will be trimmed during the optimization process.
WARNING:Xst:1895 - Due to other FF/Latch trimming, FF/Latch <XLXI_1/register_31_1010> (without init value) has a constant value of 0 in block <Data_path>. This FF/Latch will be trimmed during the optimization process.
WARNING:Xst:1895 - Due to other FF/Latch trimming, FF/Latch <XLXI_1/register_31_1009> (without init value) has a constant value of 0 in block <Data_path>. This FF/Latch will be trimmed during the optimization process.
WARNING:Xst:1895 - Due to other FF/Latch trimming, FF/Latch <XLXI_1/register_31_1008> (without init value) has a constant value of 0 in block <Data_path>. This FF/Latch will be trimmed during the optimization process.
WARNING:Xst:1895 - Due to other FF/Latch trimming, FF/Latch <XLXI_1/register_31_1007> (without init value) has a constant value of 0 in block <Data_path>. This FF/Latch will be trimmed during the optimization process.

Mapping all equations...
Building and optimizing final netlist ...
Found area constraint ratio of 100 (+ 5) on block Data_path, actual ratio is 2.

Final Macro Processing ...

=========================================================================
Final Register Report

Macro Statistics
# Registers                                            : 1022
 Flip-Flops                                            : 1022

=========================================================================

=========================================================================
*                           Partition Report                            *
=========================================================================

Partition Implementation Status
-------------------------------

  No Partitions were found in this design.

-------------------------------

=========================================================================
*                            Design Summary                             *
=========================================================================

Top Level Output File Name         : Data_path.ngc

Primitive and Black Box Usage:
------------------------------
# BELS                             : 2234
#      AND2                        : 1
#      GND                         : 1
#      INV                         : 1
#      LUT1                        : 29
#      LUT2                        : 30
#      LUT3                        : 8
#      LUT4                        : 102
#      LUT5                        : 1069
#      LUT6                        : 793
#      MUXCY                       : 105
#      MUXF7                       : 2
#      VCC                         : 1
#      XORCY                       : 92
# FlipFlops/Latches                : 1022
#      FDC                         : 30
#      FDCE                        : 992
# Clock Buffers                    : 1
#      BUFGP                       : 1
# IO Buffers                       : 164
#      IBUF                        : 68
#      OBUF                        : 96

Device utilization summary:
---------------------------

Selected Device : 7k160tffg676-2l 


Slice Logic Utilization: 
 Number of Slice Registers:            1022  out of  202800     0%  
 Number of Slice LUTs:                 2032  out of  101400     2%  
    Number used as Logic:              2032  out of  101400     2%  

Slice Logic Distribution: 
 Number of LUT Flip Flop pairs used:   2032
   Number with an unused Flip Flop:    1010  out of   2032    49%  
   Number with an unused LUT:             0  out of   2032     0%  
   Number of fully used LUT-FF pairs:  1022  out of   2032    50%  
   Number of unique control sets:         2

IO Utilization: 
 Number of IOs:                         165
 Number of bonded IOBs:                 165  out of    400    41%  

Specific Feature Utilization:
 Number of BUFG/BUFGCTRLs:                1  out of     32     3%  

---------------------------
Partition Resource Summary:
---------------------------

  No Partitions were found in this design.

---------------------------


=========================================================================
Timing Report

NOTE: THESE TIMING NUMBERS ARE ONLY A SYNTHESIS ESTIMATE.
      FOR ACCURATE TIMING INFORMATION PLEASE REFER TO THE TRACE REPORT
      GENERATED AFTER PLACE-and-ROUTE.

Clock Information:
------------------
-----------------------------------+------------------------+-------+
Clock Signal                       | Clock buffer(FF name)  | Load  |
-----------------------------------+------------------------+-------+
clk                                | BUFGP                  | 1022  |
-----------------------------------+------------------------+-------+

Asynchronous Control Signals Information:
----------------------------------------
No asynchronous control signals found in this design

Timing Summary:
---------------
Speed Grade: -2

   Minimum period: 6.986ns (Maximum Frequency: 143.146MHz)
   Minimum input arrival time before clock: 7.018ns
   Maximum output required time after clock: 5.109ns
   Maximum combinational path delay: 5.141ns

Timing Details:
---------------
All values displayed in nanoseconds (ns)

=========================================================================
Timing constraint: Default period analysis for Clock 'clk'
  Clock period: 6.986ns (frequency: 143.146MHz)
  Total number of paths / destination ports: 46704910 / 1022
-------------------------------------------------------------------------
Delay:               6.986ns (Levels of Logic = 14)
  Source:            XLXI_1/register_31_961 (FF)
  Destination:       XLXI_2/Q_31 (FF)
  Source Clock:      clk rising
  Destination Clock: clk rising

  Data Path: XLXI_1/register_31_961 to XLXI_2/Q_31
                                Gate     Net
    Cell:in->out      fanout   Delay   Delay  Logical Name (Net Name)
    ----------------------------------------  ------------
     FDCE:C->Q             3   0.236   0.507  XLXI_1/register_31_961 (XLXI_1/register_31_961)
     LUT6:I3->O            1   0.043   0.522  XLXI_1/Mmux_R_addr_B[4]_register[31][31]_wide_mux_4_OUT_835 (XLXI_1/Mmux_R_addr_B[4]_register[31][31]_wide_mux_4_OUT_835)
     LUT6:I2->O            2   0.043   0.410  XLXI_1/Mmux_R_addr_B[4]_register[31][31]_wide_mux_4_OUT_411 (XLXI_1/Mmux_R_addr_B[4]_register[31][31]_wide_mux_4_OUT_411)
     LUT6:I4->O            6   0.043   0.641  XLXI_15/Mmux_o121 (XLXN_12<1>)
     LUT6:I0->O            1   0.043   0.350  XLXI_10/Mmux_res7_rs_A<0>1 (XLXI_10/Mmux_res7_rs_A<0>1)
     LUT5:I4->O            3   0.043   0.362  XLXI_10/Mmux_res7_rs_A<0>2 (XLXI_10/Mmux_res7_rs_A<0>2)
     LUT6:I5->O            1   0.043   0.405  XLXI_10/Mmux_res7_rs_A<0>5_SW0 (N7)
     LUT6:I4->O            1   0.043   0.000  XLXI_10/Mmux_res7_rs_lut<0> (XLXI_10/Mmux_res7_rs_lut<0>)
     MUXCY:S->O            1   0.238   0.000  XLXI_10/Mmux_res7_rs_cy<0> (XLXI_10/Mmux_res7_rs_cy<0>)
     XORCY:CI->O          33   0.262   0.743  XLXI_10/Mmux_res7_rs_xor<1> (ALU_out_1_OBUF)
     LUT6:I0->O            1   0.043   0.350  XLXI_10/res[31]_GND_8_o_equal_12_o<31>1 (XLXI_10/res[31]_GND_8_o_equal_12_o<31>)
     LUT5:I4->O            1   0.043   0.350  XLXI_10/res[31]_GND_8_o_equal_12_o<31>2 (XLXI_10/res[31]_GND_8_o_equal_12_o<31>1)
     LUT6:I5->O            1   0.043   0.613  XLXI_10/res[31]_GND_8_o_equal_12_o<31>7 (XLXN_7)
     AND2:I0->O           30   0.043   0.479  XLXI_9 (XLXN_6)
     LUT5:I4->O            1   0.043   0.000  XLXI_8/Mmux_o321 (XLXN_23<9>)
     FDC:D                    -0.000          XLXI_2/Q_9
    ----------------------------------------
    Total                      6.986ns (1.252ns logic, 5.734ns route)
                                       (17.9% logic, 82.1% route)

=========================================================================
Timing constraint: Default OFFSET IN BEFORE for Clock 'clk'
  Total number of paths / destination ports: 41100912 / 3036
-------------------------------------------------------------------------
Offset:              7.018ns (Levels of Logic = 15)
  Source:            inst_field<16> (PAD)
  Destination:       XLXI_2/Q_31 (FF)
  Destination Clock: clk rising

  Data Path: inst_field<16> to XLXI_2/Q_31
                                Gate     Net
    Cell:in->out      fanout   Delay   Delay  Logical Name (Net Name)
    ----------------------------------------  ------------
     IBUF:I->O           259   0.000   0.775  inst_field_16_IBUF (inst_field_16_IBUF)
     LUT6:I1->O            1   0.043   0.522  XLXI_1/Mmux_R_addr_B[4]_register[31][31]_wide_mux_4_OUT_835 (XLXI_1/Mmux_R_addr_B[4]_register[31][31]_wide_mux_4_OUT_835)
     LUT6:I2->O            2   0.043   0.410  XLXI_1/Mmux_R_addr_B[4]_register[31][31]_wide_mux_4_OUT_411 (XLXI_1/Mmux_R_addr_B[4]_register[31][31]_wide_mux_4_OUT_411)
     LUT6:I4->O            6   0.043   0.641  XLXI_15/Mmux_o121 (XLXN_12<1>)
     LUT6:I0->O            1   0.043   0.350  XLXI_10/Mmux_res7_rs_A<0>1 (XLXI_10/Mmux_res7_rs_A<0>1)
     LUT5:I4->O            3   0.043   0.362  XLXI_10/Mmux_res7_rs_A<0>2 (XLXI_10/Mmux_res7_rs_A<0>2)
     LUT6:I5->O            1   0.043   0.405  XLXI_10/Mmux_res7_rs_A<0>5_SW0 (N7)
     LUT6:I4->O            1   0.043   0.000  XLXI_10/Mmux_res7_rs_lut<0> (XLXI_10/Mmux_res7_rs_lut<0>)
     MUXCY:S->O            1   0.238   0.000  XLXI_10/Mmux_res7_rs_cy<0> (XLXI_10/Mmux_res7_rs_cy<0>)
     XORCY:CI->O          33   0.262   0.743  XLXI_10/Mmux_res7_rs_xor<1> (ALU_out_1_OBUF)
     LUT6:I0->O            1   0.043   0.350  XLXI_10/res[31]_GND_8_o_equal_12_o<31>1 (XLXI_10/res[31]_GND_8_o_equal_12_o<31>)
     LUT5:I4->O            1   0.043   0.350  XLXI_10/res[31]_GND_8_o_equal_12_o<31>2 (XLXI_10/res[31]_GND_8_o_equal_12_o<31>1)
     LUT6:I5->O            1   0.043   0.613  XLXI_10/res[31]_GND_8_o_equal_12_o<31>7 (XLXN_7)
     AND2:I0->O           30   0.043   0.479  XLXI_9 (XLXN_6)
     LUT5:I4->O            1   0.043   0.000  XLXI_8/Mmux_o321 (XLXN_23<9>)
     FDC:D                    -0.000          XLXI_2/Q_9
    ----------------------------------------
    Total                      7.018ns (1.016ns logic, 6.002ns route)
                                       (14.5% logic, 85.5% route)

=========================================================================
Timing constraint: Default OFFSET OUT AFTER for Clock 'clk'
  Total number of paths / destination ports: 766350 / 94
-------------------------------------------------------------------------
Offset:              5.109ns (Levels of Logic = 40)
  Source:            XLXI_1/register_31_961 (FF)
  Destination:       ALU_out<31> (PAD)
  Source Clock:      clk rising

  Data Path: XLXI_1/register_31_961 to ALU_out<31>
                                Gate     Net
    Cell:in->out      fanout   Delay   Delay  Logical Name (Net Name)
    ----------------------------------------  ------------
     FDCE:C->Q             3   0.236   0.507  XLXI_1/register_31_961 (XLXI_1/register_31_961)
     LUT6:I3->O            1   0.043   0.522  XLXI_1/Mmux_R_addr_B[4]_register[31][31]_wide_mux_4_OUT_835 (XLXI_1/Mmux_R_addr_B[4]_register[31][31]_wide_mux_4_OUT_835)
     LUT6:I2->O            2   0.043   0.410  XLXI_1/Mmux_R_addr_B[4]_register[31][31]_wide_mux_4_OUT_411 (XLXI_1/Mmux_R_addr_B[4]_register[31][31]_wide_mux_4_OUT_411)
     LUT6:I4->O            6   0.043   0.641  XLXI_15/Mmux_o121 (XLXN_12<1>)
     LUT6:I0->O            1   0.043   0.350  XLXI_10/Mmux_res7_rs_A<0>1 (XLXI_10/Mmux_res7_rs_A<0>1)
     LUT5:I4->O            3   0.043   0.362  XLXI_10/Mmux_res7_rs_A<0>2 (XLXI_10/Mmux_res7_rs_A<0>2)
     LUT6:I5->O            1   0.043   0.405  XLXI_10/Mmux_res7_rs_A<0>5_SW0 (N7)
     LUT6:I4->O            1   0.043   0.000  XLXI_10/Mmux_res7_rs_lut<0> (XLXI_10/Mmux_res7_rs_lut<0>)
     MUXCY:S->O            1   0.238   0.000  XLXI_10/Mmux_res7_rs_cy<0> (XLXI_10/Mmux_res7_rs_cy<0>)
     MUXCY:CI->O           1   0.013   0.000  XLXI_10/Mmux_res7_rs_cy<1> (XLXI_10/Mmux_res7_rs_cy<1>)
     MUXCY:CI->O           1   0.013   0.000  XLXI_10/Mmux_res7_rs_cy<2> (XLXI_10/Mmux_res7_rs_cy<2>)
     MUXCY:CI->O           1   0.013   0.000  XLXI_10/Mmux_res7_rs_cy<3> (XLXI_10/Mmux_res7_rs_cy<3>)
     MUXCY:CI->O           1   0.013   0.000  XLXI_10/Mmux_res7_rs_cy<4> (XLXI_10/Mmux_res7_rs_cy<4>)
     MUXCY:CI->O           1   0.013   0.000  XLXI_10/Mmux_res7_rs_cy<5> (XLXI_10/Mmux_res7_rs_cy<5>)
     MUXCY:CI->O           1   0.013   0.000  XLXI_10/Mmux_res7_rs_cy<6> (XLXI_10/Mmux_res7_rs_cy<6>)
     MUXCY:CI->O           1   0.013   0.000  XLXI_10/Mmux_res7_rs_cy<7> (XLXI_10/Mmux_res7_rs_cy<7>)
     MUXCY:CI->O           1   0.013   0.000  XLXI_10/Mmux_res7_rs_cy<8> (XLXI_10/Mmux_res7_rs_cy<8>)
     MUXCY:CI->O           1   0.013   0.000  XLXI_10/Mmux_res7_rs_cy<9> (XLXI_10/Mmux_res7_rs_cy<9>)
     MUXCY:CI->O           1   0.013   0.000  XLXI_10/Mmux_res7_rs_cy<10> (XLXI_10/Mmux_res7_rs_cy<10>)
     MUXCY:CI->O           1   0.013   0.000  XLXI_10/Mmux_res7_rs_cy<11> (XLXI_10/Mmux_res7_rs_cy<11>)
     MUXCY:CI->O           1   0.013   0.000  XLXI_10/Mmux_res7_rs_cy<12> (XLXI_10/Mmux_res7_rs_cy<12>)
     MUXCY:CI->O           1   0.013   0.000  XLXI_10/Mmux_res7_rs_cy<13> (XLXI_10/Mmux_res7_rs_cy<13>)
     MUXCY:CI->O           1   0.013   0.000  XLXI_10/Mmux_res7_rs_cy<14> (XLXI_10/Mmux_res7_rs_cy<14>)
     MUXCY:CI->O           1   0.013   0.000  XLXI_10/Mmux_res7_rs_cy<15> (XLXI_10/Mmux_res7_rs_cy<15>)
     MUXCY:CI->O           1   0.013   0.000  XLXI_10/Mmux_res7_rs_cy<16> (XLXI_10/Mmux_res7_rs_cy<16>)
     MUXCY:CI->O           1   0.013   0.000  XLXI_10/Mmux_res7_rs_cy<17> (XLXI_10/Mmux_res7_rs_cy<17>)
     MUXCY:CI->O           1   0.013   0.000  XLXI_10/Mmux_res7_rs_cy<18> (XLXI_10/Mmux_res7_rs_cy<18>)
     MUXCY:CI->O           1   0.013   0.000  XLXI_10/Mmux_res7_rs_cy<19> (XLXI_10/Mmux_res7_rs_cy<19>)
     MUXCY:CI->O           1   0.013   0.000  XLXI_10/Mmux_res7_rs_cy<20> (XLXI_10/Mmux_res7_rs_cy<20>)
     MUXCY:CI->O           1   0.013   0.000  XLXI_10/Mmux_res7_rs_cy<21> (XLXI_10/Mmux_res7_rs_cy<21>)
     MUXCY:CI->O           1   0.013   0.000  XLXI_10/Mmux_res7_rs_cy<22> (XLXI_10/Mmux_res7_rs_cy<22>)
     MUXCY:CI->O           1   0.013   0.000  XLXI_10/Mmux_res7_rs_cy<23> (XLXI_10/Mmux_res7_rs_cy<23>)
     MUXCY:CI->O           1   0.013   0.000  XLXI_10/Mmux_res7_rs_cy<24> (XLXI_10/Mmux_res7_rs_cy<24>)
     MUXCY:CI->O           1   0.013   0.000  XLXI_10/Mmux_res7_rs_cy<25> (XLXI_10/Mmux_res7_rs_cy<25>)
     MUXCY:CI->O           1   0.013   0.000  XLXI_10/Mmux_res7_rs_cy<26> (XLXI_10/Mmux_res7_rs_cy<26>)
     MUXCY:CI->O           1   0.013   0.000  XLXI_10/Mmux_res7_rs_cy<27> (XLXI_10/Mmux_res7_rs_cy<27>)
     MUXCY:CI->O           1   0.013   0.000  XLXI_10/Mmux_res7_rs_cy<28> (XLXI_10/Mmux_res7_rs_cy<28>)
     MUXCY:CI->O           1   0.013   0.000  XLXI_10/Mmux_res7_rs_cy<29> (XLXI_10/Mmux_res7_rs_cy<29>)
     MUXCY:CI->O           0   0.013   0.000  XLXI_10/Mmux_res7_rs_cy<30> (XLXI_10/Mmux_res7_rs_cy<30>)
     XORCY:CI->O          33   0.262   0.469  XLXI_10/Mmux_res7_rs_xor<31> (ALU_out_31_OBUF)
     OBUF:I->O                 0.000          ALU_out_31_OBUF (ALU_out<31>)
    ----------------------------------------
    Total                      5.109ns (1.442ns logic, 3.667ns route)
                                       (28.2% logic, 71.8% route)

=========================================================================
Timing constraint: Default path analysis
  Total number of paths / destination ports: 674055 / 64
-------------------------------------------------------------------------
Delay:               5.141ns (Levels of Logic = 41)
  Source:            inst_field<16> (PAD)
  Destination:       ALU_out<31> (PAD)

  Data Path: inst_field<16> to ALU_out<31>
                                Gate     Net
    Cell:in->out      fanout   Delay   Delay  Logical Name (Net Name)
    ----------------------------------------  ------------
     IBUF:I->O           259   0.000   0.775  inst_field_16_IBUF (inst_field_16_IBUF)
     LUT6:I1->O            1   0.043   0.522  XLXI_1/Mmux_R_addr_B[4]_register[31][31]_wide_mux_4_OUT_835 (XLXI_1/Mmux_R_addr_B[4]_register[31][31]_wide_mux_4_OUT_835)
     LUT6:I2->O            2   0.043   0.410  XLXI_1/Mmux_R_addr_B[4]_register[31][31]_wide_mux_4_OUT_411 (XLXI_1/Mmux_R_addr_B[4]_register[31][31]_wide_mux_4_OUT_411)
     LUT6:I4->O            6   0.043   0.641  XLXI_15/Mmux_o121 (XLXN_12<1>)
     LUT6:I0->O            1   0.043   0.350  XLXI_10/Mmux_res7_rs_A<0>1 (XLXI_10/Mmux_res7_rs_A<0>1)
     LUT5:I4->O            3   0.043   0.362  XLXI_10/Mmux_res7_rs_A<0>2 (XLXI_10/Mmux_res7_rs_A<0>2)
     LUT6:I5->O            1   0.043   0.405  XLXI_10/Mmux_res7_rs_A<0>5_SW0 (N7)
     LUT6:I4->O            1   0.043   0.000  XLXI_10/Mmux_res7_rs_lut<0> (XLXI_10/Mmux_res7_rs_lut<0>)
     MUXCY:S->O            1   0.238   0.000  XLXI_10/Mmux_res7_rs_cy<0> (XLXI_10/Mmux_res7_rs_cy<0>)
     MUXCY:CI->O           1   0.013   0.000  XLXI_10/Mmux_res7_rs_cy<1> (XLXI_10/Mmux_res7_rs_cy<1>)
     MUXCY:CI->O           1   0.013   0.000  XLXI_10/Mmux_res7_rs_cy<2> (XLXI_10/Mmux_res7_rs_cy<2>)
     MUXCY:CI->O           1   0.013   0.000  XLXI_10/Mmux_res7_rs_cy<3> (XLXI_10/Mmux_res7_rs_cy<3>)
     MUXCY:CI->O           1   0.013   0.000  XLXI_10/Mmux_res7_rs_cy<4> (XLXI_10/Mmux_res7_rs_cy<4>)
     MUXCY:CI->O           1   0.013   0.000  XLXI_10/Mmux_res7_rs_cy<5> (XLXI_10/Mmux_res7_rs_cy<5>)
     MUXCY:CI->O           1   0.013   0.000  XLXI_10/Mmux_res7_rs_cy<6> (XLXI_10/Mmux_res7_rs_cy<6>)
     MUXCY:CI->O           1   0.013   0.000  XLXI_10/Mmux_res7_rs_cy<7> (XLXI_10/Mmux_res7_rs_cy<7>)
     MUXCY:CI->O           1   0.013   0.000  XLXI_10/Mmux_res7_rs_cy<8> (XLXI_10/Mmux_res7_rs_cy<8>)
     MUXCY:CI->O           1   0.013   0.000  XLXI_10/Mmux_res7_rs_cy<9> (XLXI_10/Mmux_res7_rs_cy<9>)
     MUXCY:CI->O           1   0.013   0.000  XLXI_10/Mmux_res7_rs_cy<10> (XLXI_10/Mmux_res7_rs_cy<10>)
     MUXCY:CI->O           1   0.013   0.000  XLXI_10/Mmux_res7_rs_cy<11> (XLXI_10/Mmux_res7_rs_cy<11>)
     MUXCY:CI->O           1   0.013   0.000  XLXI_10/Mmux_res7_rs_cy<12> (XLXI_10/Mmux_res7_rs_cy<12>)
     MUXCY:CI->O           1   0.013   0.000  XLXI_10/Mmux_res7_rs_cy<13> (XLXI_10/Mmux_res7_rs_cy<13>)
     MUXCY:CI->O           1   0.013   0.000  XLXI_10/Mmux_res7_rs_cy<14> (XLXI_10/Mmux_res7_rs_cy<14>)
     MUXCY:CI->O           1   0.013   0.000  XLXI_10/Mmux_res7_rs_cy<15> (XLXI_10/Mmux_res7_rs_cy<15>)
     MUXCY:CI->O           1   0.013   0.000  XLXI_10/Mmux_res7_rs_cy<16> (XLXI_10/Mmux_res7_rs_cy<16>)
     MUXCY:CI->O           1   0.013   0.000  XLXI_10/Mmux_res7_rs_cy<17> (XLXI_10/Mmux_res7_rs_cy<17>)
     MUXCY:CI->O           1   0.013   0.000  XLXI_10/Mmux_res7_rs_cy<18> (XLXI_10/Mmux_res7_rs_cy<18>)
     MUXCY:CI->O           1   0.013   0.000  XLXI_10/Mmux_res7_rs_cy<19> (XLXI_10/Mmux_res7_rs_cy<19>)
     MUXCY:CI->O           1   0.013   0.000  XLXI_10/Mmux_res7_rs_cy<20> (XLXI_10/Mmux_res7_rs_cy<20>)
     MUXCY:CI->O           1   0.013   0.000  XLXI_10/Mmux_res7_rs_cy<21> (XLXI_10/Mmux_res7_rs_cy<21>)
     MUXCY:CI->O           1   0.013   0.000  XLXI_10/Mmux_res7_rs_cy<22> (XLXI_10/Mmux_res7_rs_cy<22>)
     MUXCY:CI->O           1   0.013   0.000  XLXI_10/Mmux_res7_rs_cy<23> (XLXI_10/Mmux_res7_rs_cy<23>)
     MUXCY:CI->O           1   0.013   0.000  XLXI_10/Mmux_res7_rs_cy<24> (XLXI_10/Mmux_res7_rs_cy<24>)
     MUXCY:CI->O           1   0.013   0.000  XLXI_10/Mmux_res7_rs_cy<25> (XLXI_10/Mmux_res7_rs_cy<25>)
     MUXCY:CI->O           1   0.013   0.000  XLXI_10/Mmux_res7_rs_cy<26> (XLXI_10/Mmux_res7_rs_cy<26>)
     MUXCY:CI->O           1   0.013   0.000  XLXI_10/Mmux_res7_rs_cy<27> (XLXI_10/Mmux_res7_rs_cy<27>)
     MUXCY:CI->O           1   0.013   0.000  XLXI_10/Mmux_res7_rs_cy<28> (XLXI_10/Mmux_res7_rs_cy<28>)
     MUXCY:CI->O           1   0.013   0.000  XLXI_10/Mmux_res7_rs_cy<29> (XLXI_10/Mmux_res7_rs_cy<29>)
     MUXCY:CI->O           0   0.013   0.000  XLXI_10/Mmux_res7_rs_cy<30> (XLXI_10/Mmux_res7_rs_cy<30>)
     XORCY:CI->O          33   0.262   0.469  XLXI_10/Mmux_res7_rs_xor<31> (ALU_out_31_OBUF)
     OBUF:I->O                 0.000          ALU_out_31_OBUF (ALU_out<31>)
    ----------------------------------------
    Total                      5.141ns (1.206ns logic, 3.935ns route)
                                       (23.5% logic, 76.5% route)

=========================================================================

Cross Clock Domains Report:
--------------------------

Clock to Setup on destination clock clk
---------------+---------+---------+---------+---------+
               | Src:Rise| Src:Fall| Src:Rise| Src:Fall|
Source Clock   |Dest:Rise|Dest:Rise|Dest:Fall|Dest:Fall|
---------------+---------+---------+---------+---------+
clk            |    6.986|         |         |         |
---------------+---------+---------+---------+---------+

=========================================================================


Total REAL time to Xst completion: 51.00 secs
Total CPU time to Xst completion: 50.93 secs
 
--> 

Total memory usage is 445380 kilobytes

Number of errors   :    0 (   0 filtered)
Number of warnings :   47 (   0 filtered)
Number of infos    :    2 (   0 filtered)

